PANIC: PanicHookInfo { payload: Any { .. }, location: Location { file: "winia\\src\\core\\composer.rs", line: 928, column: 13 }, can_unwind: true, force_no_backtrace: false }
   0: std::backtrace_rs::backtrace::win64::trace
             at /rustc/8bab26f4f68e0e26f0bb7960be334d5b520ea452/library\std\src\..\..\backtrace\src\backtrace\win64.rs:85
   1: std::backtrace_rs::backtrace::trace_unsynchronized
             at /rustc/8bab26f4f68e0e26f0bb7960be334d5b520ea452/library\std\src\..\..\backtrace\src\backtrace\mod.rs:66
   2: std::backtrace::Backtrace::create
             at /rustc/8bab26f4f68e0e26f0bb7960be334d5b520ea452/library\std\src\backtrace.rs:331
   3: std::backtrace::Backtrace::force_capture
             at /rustc/8bab26f4f68e0e26f0bb7960be334d5b520ea452/library\std\src\backtrace.rs:312
   4: counter::main::closure$0
             at .\examples\counter.rs:108
   5: std::panicking::panic_with_hook
             at /rustc/8bab26f4f68e0e26f0bb7960be334d5b520ea452/library\std\src\panicking.rs:833
   6: std::panicking::panic_handler::closure$0
             at /rustc/8bab26f4f68e0e26f0bb7960be334d5b520ea452/library\std\src\panicking.rs:691
   7: std::sys::backtrace::__rust_end_short_backtrace<std::panicking::panic_handler::closure_env$0,never$>
             at /rustc/8bab26f4f68e0e26f0bb7960be334d5b520ea452/library\std\src\sys\backtrace.rs:182
   8: std::panicking::panic_handler
             at /rustc/8bab26f4f68e0e26f0bb7960be334d5b520ea452/library\std\src\panicking.rs:689
   9: core::panicking::panic_fmt
             at /rustc/8bab26f4f68e0e26f0bb7960be334d5b520ea452/library\core\src\panicking.rs:80
  10: winia::core::composer::Composer::next_group_key
             at .\src\core\composer.rs:928
  11: winia::core::composer::ComposeCtx::next_key
             at .\src\core\composer.rs:131
  12: winia::ui::layout_components::build_container<winia::layout::column::ColumnLayout,winia::ui::window::impl$1::build::closure$3::closure$0::closure_env$0<counter::main::closure$1::closure$0::closure_env$0> >
             at .\src\ui\layout_components.rs:18
  13: winia::ui::layout_components::Column::build<winia::ui::window::impl$1::build::closure$3::closure$0::closure_env$0<counter::main::closure$1::closure$0::closure_env$0> >
             at .\src\ui\layout_components.rs:59
  14: winia::ui::window::impl$1::build::closure$3::closure$0<counter::main::closure$1::closure$0::closure_env$0>
             at .\src\ui\window.rs:137
  15: winia::ui::theme::impl$1::with_theme_and_direction::closure$0::closure$0<winia::ui::window::impl$1::build::closure$3::closure_env$0<counter::main::closure$1::closure$0::closure_env$0> >
             at .\src\ui\theme.rs:234
  16: winia::core::composition_local::CompositionLocal<winia::ui::theme::ThemeColors>::provides<winia::ui::theme::ThemeColors,tuple$<>,winia::ui::theme::impl$1::with_theme_and_direction::closure$0::closure_env$0<winia::ui::window::impl$1::build::closure$3::closu
             at .\src\core\composition_local.rs:84
  17: winia::ui::theme::impl$1::with_theme_and_direction::closure$0<winia::ui::window::impl$1::build::closure$3::closure_env$0<counter::main::closure$1::closure$0::closure_env$0> >
             at .\src\ui\theme.rs:233
  18: winia::core::composition_local::CompositionLocal<winia::layout::node::LayoutDirection>::provides<winia::layout::node::LayoutDirection,tuple$<>,winia::ui::theme::impl$1::with_theme_and_direction::closure_env$0<winia::ui::window::impl$1::build::closure$3::cl
             at .\src\core\composition_local.rs:84
  19: winia::ui::theme::WiniaTheme::with_theme_and_direction<winia::ui::window::impl$1::build::closure$3::closure_env$0<counter::main::closure$1::closure$0::closure_env$0> >
             at .\src\ui\theme.rs:232
  20: winia::ui::theme::WiniaTheme::with_theme<winia::ui::window::impl$1::build::closure$3::closure_env$0<counter::main::closure$1::closure$0::closure_env$0> >
             at .\src\ui\theme.rs:227
  21: winia::ui::window::impl$1::build::closure$3<counter::main::closure$1::closure$0::closure_env$0>
             at .\src\ui\window.rs:136
  22: alloc::boxed::impl$33::call<tuple$<ref_mut$<winia::core::composer::ComposeCtx> >,dyn$<core::ops::function::Fn<tuple$<ref_mut$<winia::core::composer::ComposeCtx> >,assoc$<Output,tuple$<> > > >,alloc::alloc::Global>
             at C:\Users\grounzer\.rustup\toolchains\stable-x86_64-pc-windows-msvc\lib\rustlib\src\rust\library\alloc\src\boxed.rs:2289
  23: winia::app::impl$2::open_window::closure$6::closure$0
             at .\src\app.rs:857
  24: winia::core::composer::Composer::compose<winia::app::impl$2::open_window::closure$6::closure_env$0>
             at .\src\core\composer.rs:1140
  25: winia::app::impl$2::open_window::closure$6
             at .\src\app.rs:857
  26: winia::core::composition_local::CompositionLocal<winia::unit::Density>::provides<winia::unit::Density,tuple$<>,winia::app::impl$2::open_window::closure_env$6>
             at .\src\core\composition_local.rs:84
  27: winia::unit::with_density<tuple$<>,winia::app::impl$2::open_window::closure_env$6>
             at .\src\unit.rs:347
  28: winia::app::AppState::open_window
             at .\src\app.rs:856
  29: winia::app::AppState::process_pending_windows
             at .\src\app.rs:825
  30: winia::app::impl$1::can_create_surfaces
             at .\src\app.rs:239
  31: winit_core::application::impl$0::can_create_surfaces<winia::app::AppState>
             at C:\Users\grounzer\.cargo\registry\src\index.crates.io-1949cf8c6b5b557f\winit-core-0.31.0-beta.2\src\application\mod.rs:362
  32: winit_win32::event_loop::runner::impl$4::call_new_events::closure$1
             at C:\Users\grounzer\.cargo\registry\src\index.crates.io-1949cf8c6b5b557f\winit-win32-0.31.0-beta.2\src\event_loop\runner.rs:385
  33: winit_win32::event_loop::runner::impl$4::call_event_handler::closure$0<winit_win32::event_loop::runner::impl$4::call_new_events::closure_env$1>
             at C:\Users\grounzer\.cargo\registry\src\index.crates.io-1949cf8c6b5b557f\winit-win32-0.31.0-beta.2\src\event_loop\runner.rs:268
  34: core::panic::unwind_safe::impl$25::call_once<tuple$<>,winit_win32::event_loop::runner::impl$4::call_event_handler::closure_env$0<winit_win32::event_loop::runner::impl$4::call_new_events::closure_env$1> >
             at C:\Users\grounzer\.rustup\toolchains\stable-x86_64-pc-windows-msvc\lib\rustlib\src\rust\library\core\src\panic\unwind_safe.rs:275
  35: std::panicking::catch_unwind::do_call<core::panic::unwind_safe::AssertUnwindSafe<winit_win32::event_loop::runner::impl$4::call_event_handler::closure_env$0<winit_win32::event_loop::runner::impl$4::call_new_events::closure_env$1> >,tuple$<> >
             at C:\Users\grounzer\.rustup\toolchains\stable-x86_64-pc-windows-msvc\lib\rustlib\src\rust\library\std\src\panicking.rs:581
  36: core::cmp::PartialEq::ne<winit_core::keyboard::ModifiersState,winit_core::keyboard::ModifiersState>
  37: std::panicking::catch_unwind
             at C:\Users\grounzer\.rustup\toolchains\stable-x86_64-pc-windows-msvc\lib\rustlib\src\rust\library\std\src\panicking.rs:544
  38: std::panic::catch_unwind<core::panic::unwind_safe::AssertUnwindSafe<winit_win32::event_loop::runner::impl$4::call_event_handler::closure_env$0<winit_win32::event_loop::runner::impl$4::call_new_events::closure_env$1> >,tuple$<> >
             at C:\Users\grounzer\.rustup\toolchains\stable-x86_64-pc-windows-msvc\lib\rustlib\src\rust\library\std\src\panic.rs:359
  39: winit_win32::event_loop::runner::EventLoopRunner::catch_unwind<tuple$<>,winit_win32::event_loop::runner::impl$4::call_event_handler::closure_env$0<winit_win32::event_loop::runner::impl$4::call_new_events::closure_env$1> >
             at C:\Users\grounzer\.cargo\registry\src\index.crates.io-1949cf8c6b5b557f\winit-win32-0.31.0-beta.2\src\event_loop\runner.rs:197
  40: winit_win32::event_loop::runner::EventLoopRunner::call_event_handler<winit_win32::event_loop::runner::impl$4::call_new_events::closure_env$1>
             at C:\Users\grounzer\.cargo\registry\src\index.crates.io-1949cf8c6b5b557f\winit-win32-0.31.0-beta.2\src\event_loop\runner.rs:262
  41: winit_win32::event_loop::runner::EventLoopRunner::call_new_events
             at C:\Users\grounzer\.cargo\registry\src\index.crates.io-1949cf8c6b5b557f\winit-win32-0.31.0-beta.2\src\event_loop\runner.rs:385
  42: winit_win32::event_loop::runner::EventLoopRunner::move_state_to
             at C:\Users\grounzer\.cargo\registry\src\index.crates.io-1949cf8c6b5b557f\winit-win32-0.31.0-beta.2\src\event_loop\runner.rs:328
  43: winit_win32::event_loop::runner::EventLoopRunner::prepare_wait
             at C:\Users\grounzer\.cargo\registry\src\index.crates.io-1949cf8c6b5b557f\winit-win32-0.31.0-beta.2\src\event_loop\runner.rs:230
  44: winit_win32::event_loop::EventLoop::wait_for_messages
             at C:\Users\grounzer\.cargo\registry\src\index.crates.io-1949cf8c6b5b557f\winit-win32-0.31.0-beta.2\src\event_loop.rs:328
  45: winit_win32::event_loop::EventLoop::run_app_on_demand<ref_mut$<winia::app::AppState> >
             at C:\Users\grounzer\.cargo\registry\src\index.crates.io-1949cf8c6b5b557f\winit-win32-0.31.0-beta.2\src\event_loop.rs:260
  46: winit::event_loop::EventLoop::run_app<winia::app::AppState>
             at C:\Users\grounzer\.cargo\registry\src\index.crates.io-1949cf8c6b5b557f\winit-0.31.0-beta.2\src\event_loop.rs:230
  47: winia::app::run_app<counter::main::closure_env$1>
             at .\src\app.rs:1287
  48: counter::main
             at .\examples\counter.rs:118
  49: core::ops::function::FnOnce::call_once<void (*)(),tuple$<> >
             at C:\Users\grounzer\.rustup\toolchains\stable-x86_64-pc-windows-msvc\lib\rustlib\src\rust\library\core\src\ops\function.rs:250
  50: std::sys::backtrace::__rust_begin_short_backtrace<void (*)(),tuple$<> >
             at C:\Users\grounzer\.rustup\toolchains\stable-x86_64-pc-windows-msvc\lib\rustlib\src\rust\library\std\src\sys\backtrace.rs:166
  51: std::rt::lang_start::closure$0<tuple$<> >
             at C:\Users\grounzer\.rustup\toolchains\stable-x86_64-pc-windows-msvc\lib\rustlib\src\rust\library\std\src\rt.rs:206
  52: std::rt::lang_start_internal::closure$0
             at /rustc/8bab26f4f68e0e26f0bb7960be334d5b520ea452/library\std\src\rt.rs:175
  53: std::panicking::catch_unwind::do_call
             at /rustc/8bab26f4f68e0e26f0bb7960be334d5b520ea452/library\std\src\panicking.rs:581
  54: std::panicking::catch_unwind
             at /rustc/8bab26f4f68e0e26f0bb7960be334d5b520ea452/library\std\src\panicking.rs:544
  55: std::panic::catch_unwind
             at /rustc/8bab26f4f68e0e26f0bb7960be334d5b520ea452/library\std\src\panic.rs:359
  56: std::rt::lang_start_internal
             at /rustc/8bab26f4f68e0e26f0bb7960be334d5b520ea452/library\std\src\rt.rs:171
  57: std::rt::lang_start<tuple$<> >
             at C:\Users\grounzer\.rustup\toolchains\stable-x86_64-pc-windows-msvc\lib\rustlib\src\rust\library\std\src\rt.rs:205
  58: main
  59: invoke_main
             at D:\a\_work\1\s\src\vctools\crt\vcstartup\src\startup\exe_common.inl:78
  60: __scrt_common_main_seh
             at D:\a\_work\1\s\src\vctools\crt\vcstartup\src\startup\exe_common.inl:288
  61: BaseThreadInitThunk
  62: RtlUserThreadStart
